################################################################################
#                                                                              #
#      IAR Universal Linker V5.0.2.5/W32                                       #
#                                                                              #
#           Link time     =  18/Mar/2013  16:39:32                             #
#           Target CPU    =  x51                                               #
#           List file     =  "D:\Texas Instruments\ZStack-CC2530-2.5.1a\Projec #
#                            ts\zstack\Utilities\OAD\CC2530DB\OAD-Boot\List\Bo #
#                            ot.map"                                           #
#           Output file 1 =  "D:\Texas Instruments\ZStack-CC2530-2.5.1a\Projec #
#                            ts\zstack\Utilities\OAD\CC2530DB\OAD-Boot\Exe\Boo #
#                            t.hex"                                            #
#                            Format: intel-extended                            #
#           Output file 2 =  "D:\Texas Instruments\ZStack-CC2530-2.5.1a\Projec #
#                            ts\zstack\Utilities\OAD\CC2530DB\OAD-Boot\Exe\Boo #
#                            t.d51"                                            #
#                            Format: debug                                     #
#                            UBROF version 10.0.3                              #
#                            Using library modules for C-SPY (-rt)             #
#           Command line  =  -a -D_NR_OF_BANKS=0 -D_CODEBANK_END=0             #
#                            -D_CODEBANK_START=0                               #
#                            "-IC:\Program Files\IAR Systems\Embedded Workbenc #
#                            h 6.0 Evaluation\8051\CONFIG\"                    #
#                            "D:\Texas Instruments\ZStack-CC2530-2.5.1a\Projec #
#                            ts\zstack\Utilities\OAD\CC2530DB\OAD-Boot\Obj\chi #
#                            pcon_cstartup.r51"                                #
#                            "D:\Texas Instruments\ZStack-CC2530-2.5.1a\Projec #
#                            ts\zstack\Utilities\OAD\CC2530DB\OAD-Boot\Obj\hal #
#                            _flash.r51"                                       #
#                            "D:\Texas Instruments\ZStack-CC2530-2.5.1a\Projec #
#                            ts\zstack\Utilities\OAD\CC2530DB\OAD-Boot\Obj\hal #
#                            _oad.r51"                                         #
#                            "D:\Texas Instruments\ZStack-CC2530-2.5.1a\Projec #
#                            ts\zstack\Utilities\OAD\CC2530DB\OAD-Boot\Obj\int #
#                            errupt_stubs.r51"                                 #
#                            -o                                                #
#                            "D:\Texas Instruments\ZStack-CC2530-2.5.1a\Projec #
#                            ts\zstack\Utilities\OAD\CC2530DB\OAD-Boot\Exe\Boo #
#                            t.d51"                                            #
#                            -l                                                #
#                            "D:\Texas Instruments\ZStack-CC2530-2.5.1a\Projec #
#                            ts\zstack\Utilities\OAD\CC2530DB\OAD-Boot\List\Bo #
#                            ot.map"                                           #
#                            -xmsn                                             #
#                            "-IC:\Program Files\IAR Systems\Embedded Workbenc #
#                            h 6.0 Evaluation\8051\LIB\"                       #
#                            -f                                                #
#                            "D:\Texas Instruments\ZStack-CC2530-2.5.1a\Projec #
#                            ts\zstack\Utilities\OAD\CC2530DB\..\..\..\Tools\C #
#                            C2530DB\oad-boot.xcl"                             #
#                            (-D_XDATA_START=0x0001 -D_XDATA_END=0x1EFF        #
#                            -D_IDATA_END=0xFF -D_CODE_START=0x0000            #
#                            -D_CODE_END=0x07FF -D?REGISTER_BANK=0             #
#                            -D_REGISTER_BANK_START=0 -D?PBANK_NUMBER=00       #
#                            -D_BREG_START=0x00 -D?VB=0x20                     #
#                            -Z(BIT)BREG=_BREG_START -Z(BIT)BIT_N=0-7F         #
#                            -Z(DATA)REGISTERS+8=_REGISTER_BANK_START          #
#                            -Z(DATA)BDATA_Z,BDATA_N,BDATA_I=20-2F             #
#                            -Z(DATA)VREG+_NR_OF_VIRTUAL_REGISTERS=08-7F       #
#                            -Z(DATA)PSP,XSP=08-7F -Z(DATA)DOVERLAY=08-7F      #
#                            -Z(DATA)DATA_I,DATA_Z,DATA_N=08-7F                #
#                            -U(IDATA)0-7F=(DATA)0-7F                          #
#                            -Z(IDATA)IDATA_I,IDATA_Z,IDATA_N=08-_IDATA_END    #
#                            -Z(IDATA)ISTACK+_IDATA_STACK_SIZE#08-_IDATA_END   #
#                            -Z(IDATA)IOVERLAY=08-FF                           #
#                            -Z(CODE)INTVEC=_CODE_START                        #
#                            -Z(CODE)BIT_ID,BDATA_ID,DATA_ID,IDATA_ID,IXDATA_I #
#                            D,PDATA_ID,XDATA_ID=_CODE_START-_CODE_END         #
#                            -P(CODE)CSTART,RCODE,DIFUNCT,NEAR_CODE=_CODE_STAR #
#                            T-_CODE_END                                       #
#                            -Z(XDATA)XSTACK+_XDATA_STACK_SIZE=_XDATA_START-_X #
#                            DATA_END                                          #
#                            -Z(XDATA)XDATA_Z,XDATA_I=_XDATA_START-_XDATA_END  #
#                            -P(XDATA)XDATA_N=_XDATA_START-_XDATA_END -cx51    #
#                            -HFFFF) -D_NR_OF_VIRTUAL_REGISTERS=10             #
#                            -D?PBANK=0x93 -e_small_write=_formatted_write     #
#                            -e_medium_read=_formatted_read -we24=i -rt        #
#                            "-Ointel-extended=D:\Texas Instruments\ZStack-CC2 #
#                            530-2.5.1a\Projects\zstack\Utilities\OAD\CC2530DB #
#                            \OAD-Boot\Exe\Boot.hex"                           #
#                            -s __program_start                                #
#                            "C:\Program Files\IAR Systems\Embedded Workbench  #
#                            6.0 Evaluation\8051\LIB\CLIB\cl-pli-nlxd-1e16x01. #
#                            r51"                                              #
#                            -D_IDATA_STACK_SIZE=0xC0                          #
#                            -D_EXTENDED_STACK_START=0x00                      #
#                            -D_EXTENDED_STACK_SIZE=0x00                       #
#                            -D_PDATA_STACK_SIZE=0x80                          #
#                            -D_XDATA_STACK_SIZE=0x100                         #
#                            -D_XDATA_HEAP_SIZE=0x00 -D_FAR_HEAP_SIZE=0x000    #
#                            -D_HUGE_HEAP_SIZE=0x000                           #
#                            -D_FAR22_HEAP_SIZE=0xFFF                          #
#                                                                              #
#                           Copyright (C) 1987-2010 IAR Systems AB.            #
################################################################################





                ****************************************
                *                                      *
                *           CROSS REFERENCE            *
                *                                      *
                ****************************************

       Program entry at : CODE      00000790  Relocatable, from module : CSTARTUP




                ****************************************
                *                                      *
                *            RUNTIME MODEL             *
                *                                      *
                ****************************************

  __SystemLibrary          = CLib
  __calling_convention     = xdata_reentrant
  __code_model             = near
  __core                   = plain
  __data_model             = large
  __dptr_size              = 16
  __extended_stack         = disabled
  __location_for_constants = data
  __number_of_dptrs        = 1
  __rt_version             = 1



                ****************************************
                *                                      *
                *              MODULE MAP              *
                *                                      *
                ****************************************


  DEFINED ABSOLUTE ENTRIES
  PROGRAM MODULE, NAME : ?ABS_ENTRY_MOD

Absolute parts
           ENTRY                   ADDRESS         REF BY
           =====                   =======         ======
           _FAR22_HEAP_SIZE        00000FFF 
           _HUGE_HEAP_SIZE         00000000 
           _FAR_HEAP_SIZE          00000000 
           _XDATA_HEAP_SIZE        00000000 
           _XDATA_STACK_SIZE       00000100 
           _PDATA_STACK_SIZE       00000080 
           _EXTENDED_STACK_SIZE    00000000 
           _EXTENDED_STACK_START   00000000 
           _IDATA_STACK_SIZE       000000C0 
           ?PBANK                  00000093 
           _NR_OF_VIRTUAL_REGISTERS
                                   00000010 
           ?VB                     00000020        ?FUNC_ENTER_XDATA (?FUNC_ENTER_XDATA)
                                                   ?FUNC_LEAVE_XDATA (?FUNC_LEAVE_XDATA)
           _BREG_START             00000000 
           ?PBANK_NUMBER           00000000 
           _REGISTER_BANK_START    00000000 
           ?REGISTER_BANK          00000000        Segment part 6 (CSTARTUP)
           _CODE_END               000007FF 
           _CODE_START             00000000 
           _IDATA_END              000000FF 
           _XDATA_END              00001EFF 
           _XDATA_START            00000001 
           _CODEBANK_START         00000000 
           _CODEBANK_END           00000000 
           _NR_OF_BANKS            00000000 
    *************************************************************************

  FILE NAME : D:\Texas Instruments\ZStack-CC2530-2.5.1a\Projects\zstack\Utilities\OAD\CC2530DB\OAD-Boot\Obj\chipcon_cstartup.r51
  PROGRAM MODULE, NAME : CSTARTUP

  SEGMENTS IN THE MODULE
  ======================
REGISTERS
  Relative segment, address: DATA 00000000, align: 0
  Segment part 0.             Intra module refs:   Segment part 6
           ENTRY                   ADDRESS         REF BY
           =====                   =======         ======
           ?REGISTERS              00000000 
    -------------------------------------------------------------------------
ISTACK
  Relative segment, address: IDATA 00000040, align: 0
  Segment part 1.             Intra module refs:   Segment part 6
           ENTRY                   ADDRESS         REF BY
           =====                   =======         ======
           ?ISTACK_START           00000040 
    -------------------------------------------------------------------------
XSTACK
  Relative segment, address: XDATA 00000001, align: 0
  Segment part 3.             Intra module refs:   ?RESET_XSP
           ENTRY                   ADDRESS         REF BY
           =====                   =======         ======
           ?XSTACK_START           00000001 
    -------------------------------------------------------------------------
INTVEC
  Common segment, address: CODE 00000000 - 00000002 (0x3 bytes), align: 0
  Segment part 5. ROOT.       Intra module refs:   Segment part 6
           LOCAL                   ADDRESS         
           =====                   =======         
           ?reset_vector           00000000 
    -------------------------------------------------------------------------
<CSTART,NEAR_CODE,RCODE> 1 (was CSTART)
  Relative segment, address: CODE 00000790 - 00000795 (0x6 bytes), align: 0
  Segment part 6. ROOT.       Intra module refs:   ?reset_vector
           ENTRY                   ADDRESS         REF BY
           =====                   =======         ======
           __program_start         00000790        Absolute parts (?ABS_ENTRY_MOD)
           ?RESET_SP               00000793 
    -------------------------------------------------------------------------
<CSTART,NEAR_CODE,RCODE> 1 (was CSTART)
  Relative segment, address: CODE 00000796 - 0000079B (0x6 bytes), align: 0
  Segment part 8.
           ENTRY                   ADDRESS         REF BY
           =====                   =======         ======
           ?RESET_XSP              00000796        ?XSP (VIRTUAL_REGISTERS)
    -------------------------------------------------------------------------
<CSTART,NEAR_CODE,RCODE> 1 (was CSTART)
  Relative segment, address: CODE 0000079C - 0000079E (0x3 bytes), align: 0
  Segment part 11.            Intra module refs:   Absolute parts
           LOCAL                   ADDRESS         
           =====                   =======         
           __call_main             0000079C 

    -------------------------------------------------------------------------
  LIBRARY MODULE, NAME : VIRTUAL_REGISTERS

  SEGMENTS IN THE MODULE
  ======================
BREG
  Relative segment, address: BIT 00000020.0 - 00000020.7 (0x8 bits), align: 0
  Segment part 0.
           ENTRY                   ADDRESS         REF BY
           =====                   =======         ======
           ?B0                     00000020.0      Absolute parts (CSTARTUP)
    -------------------------------------------------------------------------
VREG
  Relative segment, address: DATA 00000008, align: 0
  Segment part 1.
           ENTRY                   ADDRESS         REF BY
           =====                   =======         ======
           ?V0                     00000008        ?FUNC_ENTER_XDATA (?FUNC_ENTER_XDATA)
                                                   ?FUNC_LEAVE_XDATA (?FUNC_LEAVE_XDATA)
                                                   ?Subroutine1 (hal_flash)
                                                   ?UL_GE_X (?UL_GE_X)
                                                   HalFlashRead (hal_flash)
                                                   HalFlashWrite (hal_flash)
                                                   HalOADRead (hal_flash)
                                                   HalSPIRead (hal_flash)
                                                   crcCalc (hal_flash)
                                                   dl2rc (hal_flash)
                                                   main (hal_flash)
                                                   runPoly (hal_flash)
    -------------------------------------------------------------------------
XSP
  Relative segment, address: DATA 00000018 - 00000019 (0x2 bytes), align: 0
  Segment part 3.
           ENTRY                   ADDRESS         REF BY
           =====                   =======         ======
           ?XSP                    00000018        ?ADD_XSTACK_DISP0_8 (?ADD_XSTACK_DISP8)
                                                   ?ALLOC_XSTACK8 (?ALLOC_XSTACK8)
                                                   ?DEALLOC_XSTACK8 (?DEALLOC_XSTACK8)
                                                   ?FUNC_ENTER_XDATA (?FUNC_ENTER_XDATA)
                                                   ?FUNC_LEAVE_XDATA (?FUNC_LEAVE_XDATA)
                                                   ?RESET_XSP (CSTARTUP)
                                                   ?XSTACK_DISP0_8 (?XSTACK_DISP8)
                                                   crcCalc (hal_flash)
                                                   main (hal_flash)

    *************************************************************************

  FILE NAME : D:\Texas Instruments\ZStack-CC2530-2.5.1a\Projects\zstack\Utilities\OAD\CC2530DB\OAD-Boot\Obj\hal_flash.r51
  PROGRAM MODULE, NAME : hal_flash

  SEGMENTS IN THE MODULE
  ======================
SFR_AN
  Relative segment, address: DATA 0000008F - 0000008F (0x1 bytes), align: 0
  Segment part 1. ROOT.       Intra module refs:   main
           ENTRY                   ADDRESS         REF BY
           =====                   =======         ======
           P0INP                   0000008F 
    -------------------------------------------------------------------------
SFR_AN
  Relative segment, address: DATA 00000090 - 00000090 (0x1 bytes), align: 0
  Segment part 2. ROOT.       Intra module refs:   HalSPIRead
                                                   main
           ENTRY                   ADDRESS         REF BY
           =====                   =======         ======
           _A_P1                   00000090 
           LOCAL                   ADDRESS         
           =====                   =======         
           P1                      00000090 
    -------------------------------------------------------------------------
SFR_AN
  Relative segment, address: DATA 0000009D - 0000009D (0x1 bytes), align: 0
  Segment part 3. ROOT.       Intra module refs:   main
           ENTRY                   ADDRESS         REF BY
           =====                   =======         ======
           SLEEPSTA                0000009D 
    -------------------------------------------------------------------------
SFR_AN
  Relative segment, address: DATA 0000009E - 0000009E (0x1 bytes), align: 0
  Segment part 4. ROOT.       Intra module refs:   main
           ENTRY                   ADDRESS         REF BY
           =====                   =======         ======
           CLKCONSTA               0000009E 
    -------------------------------------------------------------------------
SFR_AN
  Relative segment, address: DATA 000000B4 - 000000B4 (0x1 bytes), align: 0
  Segment part 5. ROOT.       Intra module refs:   vddWait
           ENTRY                   ADDRESS         REF BY
           =====                   =======         ======
           ADCCON1                 000000B4 
    -------------------------------------------------------------------------
SFR_AN
  Relative segment, address: DATA 000000B6 - 000000B6 (0x1 bytes), align: 0
  Segment part 6. ROOT.       Intra module refs:   vddWait
           ENTRY                   ADDRESS         REF BY
           =====                   =======         ======
           ADCCON3                 000000B6 
    -------------------------------------------------------------------------
SFR_AN
  Relative segment, address: DATA 000000BB - 000000BB (0x1 bytes), align: 0
  Segment part 7. ROOT.       Intra module refs:   vddWait
           ENTRY                   ADDRESS         REF BY
           =====                   =======         ======
           ADCH                    000000BB 
    -------------------------------------------------------------------------
SFR_AN
  Relative segment, address: DATA 000000BE - 000000BE (0x1 bytes), align: 0
  Segment part 8. ROOT.       Intra module refs:   main
           ENTRY                   ADDRESS         REF BY
           =====                   =======         ======
           SLEEPCMD                000000BE 
    -------------------------------------------------------------------------
SFR_AN
  Relative segment, address: DATA 000000C6 - 000000C6 (0x1 bytes), align: 0
  Segment part 9. ROOT.       Intra module refs:   main
           ENTRY                   ADDRESS         REF BY
           =====                   =======         ======
           CLKCONCMD               000000C6 
    -------------------------------------------------------------------------
SFR_AN
  Relative segment, address: DATA 000000C7 - 000000C7 (0x1 bytes), align: 0
  Segment part 10. ROOT.      Intra module refs:   HalFlashRead
           ENTRY                   ADDRESS         REF BY
           =====                   =======         ======
           MEMCTR                  000000C7 
    -------------------------------------------------------------------------
SFR_AN
  Relative segment, address: DATA 000000D1 - 000000D1 (0x1 bytes), align: 0
  Segment part 11. ROOT.      Intra module refs:   HalFlashWrite
           ENTRY                   ADDRESS         REF BY
           =====                   =======         ======
           DMAIRQ                  000000D1 
    -------------------------------------------------------------------------
SFR_AN
  Relative segment, address: DATA 000000D4 - 000000D4 (0x1 bytes), align: 0
  Segment part 12. ROOT.      Intra module refs:   main
           ENTRY                   ADDRESS         REF BY
           =====                   =======         ======
           DMA0CFGL                000000D4 
    -------------------------------------------------------------------------
SFR_AN
  Relative segment, address: DATA 000000D5 - 000000D5 (0x1 bytes), align: 0
  Segment part 13. ROOT.      Intra module refs:   main
           ENTRY                   ADDRESS         REF BY
           =====                   =======         ======
           DMA0CFGH                000000D5 
    -------------------------------------------------------------------------
SFR_AN
  Relative segment, address: DATA 000000D6 - 000000D6 (0x1 bytes), align: 0
  Segment part 14. ROOT.      Intra module refs:   HalFlashWrite
           ENTRY                   ADDRESS         REF BY
           =====                   =======         ======
           DMAARM                  000000D6 
    -------------------------------------------------------------------------
SFR_AN
  Relative segment, address: DATA 000000F1 - 000000F1 (0x1 bytes), align: 0
  Segment part 15. ROOT.      Intra module refs:   main
           ENTRY                   ADDRESS         REF BY
           =====                   =======         ======
           PERCFG                  000000F1 
    -------------------------------------------------------------------------
SFR_AN
  Relative segment, address: DATA 000000F4 - 000000F4 (0x1 bytes), align: 0
  Segment part 16. ROOT.      Intra module refs:   main
           ENTRY                   ADDRESS         REF BY
           =====                   =======         ======
           P1SEL                   000000F4 
    -------------------------------------------------------------------------
SFR_AN
  Relative segment, address: DATA 000000F5 - 000000F5 (0x1 bytes), align: 0
  Segment part 17. ROOT.      Intra module refs:   main
           ENTRY                   ADDRESS         REF BY
           =====                   =======         ======
           P2SEL                   000000F5 
    -------------------------------------------------------------------------
SFR_AN
  Relative segment, address: DATA 000000F8 - 000000F8 (0x1 bytes), align: 0
  Segment part 18. ROOT.      Intra module refs:   main
                                                   xnvSPIWrite
           ENTRY                   ADDRESS         REF BY
           =====                   =======         ======
           _A_U1CSR                000000F8 
           LOCAL                   ADDRESS         
           =====                   =======         
           U1CSR                   000000F8 
    -------------------------------------------------------------------------
SFR_AN
  Relative segment, address: DATA 000000F9 - 000000F9 (0x1 bytes), align: 0
  Segment part 19. ROOT.      Intra module refs:   HalSPIRead
                                                   xnvSPIWrite
           ENTRY                   ADDRESS         REF BY
           =====                   =======         ======
           U1DBUF                  000000F9 
    -------------------------------------------------------------------------
SFR_AN
  Relative segment, address: DATA 000000FA - 000000FA (0x1 bytes), align: 0
  Segment part 20. ROOT.      Intra module refs:   main
           ENTRY                   ADDRESS         REF BY
           =====                   =======         ======
           U1BAUD                  000000FA 
    -------------------------------------------------------------------------
SFR_AN
  Relative segment, address: DATA 000000FC - 000000FC (0x1 bytes), align: 0
  Segment part 21. ROOT.      Intra module refs:   main
           ENTRY                   ADDRESS         REF BY
           =====                   =======         ======
           U1GCR                   000000FC 
    -------------------------------------------------------------------------
SFR_AN
  Relative segment, address: DATA 000000FE - 000000FE (0x1 bytes), align: 0
  Segment part 22. ROOT.      Intra module refs:   main
           ENTRY                   ADDRESS         REF BY
           =====                   =======         ======
           P1DIR                   000000FE 
    -------------------------------------------------------------------------
<CSTART,NEAR_CODE,RCODE> 1 (was NEAR_CODE)
  Relative segment, address: CODE 000000AE - 00000124 (0x77 bytes), align: 0
  Segment part 45.            Intra module refs:   HalOADRead
                                                   main
           ENTRY                   ADDRESS         REF BY
           =====                   =======         ======
           HalFlashRead            000000AE 
               XSTACK = 00000011 ( 0000000B )
               ISTACK = 00000000 ( 00000001 )
    -------------------------------------------------------------------------
<CSTART,NEAR_CODE,RCODE> 1 (was NEAR_CODE)
  Relative segment, address: CODE 00000125 - 00000188 (0x64 bytes), align: 0
  Segment part 46.            Intra module refs:   dl2rc
                                                   main
           ENTRY                   ADDRESS         REF BY
           =====                   =======         ======
           HalFlashWrite           00000125 
               XSTACK = 00000021 ( 00000009 )
    -------------------------------------------------------------------------
XDATA_Z
  Relative segment, address: XDATA 00000101 - 00000108 (0x8 bytes), align: 0
  Segment part 28.            Intra module refs:   HalFlashWrite
                                                   main
           ENTRY                   ADDRESS         REF BY
           =====                   =======         ======
           dmaCh0                  00000101 
    -------------------------------------------------------------------------
<CSTART,NEAR_CODE,RCODE> 1 (was NEAR_CODE)
  Relative segment, address: CODE 00000189 - 0000019E (0x16 bytes), align: 0
  Segment part 47.            Intra module refs:   dl2rc
                                                   main
           LOCAL                   ADDRESS         
           =====                   =======         
           vddWait                 00000189 
               XSTACK = 0000001F ( 00000000 )
    -------------------------------------------------------------------------
<CSTART,NEAR_CODE,RCODE> 1 (was NEAR_CODE)
  Relative segment, address: CODE 0000019F - 0000026B (0xcd bytes), align: 0
  Segment part 48.            Intra module refs:   main
           LOCAL                   ADDRESS         
           =====                   =======         
           dl2rc                   0000019F 
               calls direct
               XSTACK = 00000004 ( 00000023 )
    -------------------------------------------------------------------------
<CSTART,NEAR_CODE,RCODE> 1 (was NEAR_CODE)
  Relative segment, address: CODE 0000026C - 0000026E (0x3 bytes), align: 0
  Segment part 49.            Intra module refs:   crcCalc
                                                   dl2rc
           LOCAL                   ADDRESS         
           =====                   =======         
           ?Subroutine0            0000026C 
    -------------------------------------------------------------------------
<CSTART,NEAR_CODE,RCODE> 1 (was NEAR_CODE)
  Relative segment, address: CODE 0000026F - 00000273 (0x5 bytes), align: 0
  Segment part 50.            Intra module refs:   ?Subroutine0
                                                   HalOADRead
    -------------------------------------------------------------------------
<CSTART,NEAR_CODE,RCODE> 1 (was NEAR_CODE)
  Relative segment, address: CODE 00000274 - 00000349 (0xd6 bytes), align: 0
  Segment part 51.            Intra module refs:   main
           LOCAL                   ADDRESS         
           =====                   =======         
           crcCalc                 00000274 
               calls direct
               XSTACK = 00000004 ( 00000020 )
               ISTACK = 00000000 ( 00000002 )
    -------------------------------------------------------------------------
<CSTART,NEAR_CODE,RCODE> 1 (was NEAR_CODE)
  Relative segment, address: CODE 0000034A - 00000351 (0x8 bytes), align: 0
  Segment part 52.            Intra module refs:   crcCalc
                                                   dl2rc
           LOCAL                   ADDRESS         
           =====                   =======         
           ?Subroutine1            0000034A 
    -------------------------------------------------------------------------
<CSTART,NEAR_CODE,RCODE> 1 (was NEAR_CODE)
  Relative segment, address: CODE 00000352 - 00000357 (0x6 bytes), align: 0
  Segment part 53.            Intra module refs:   ?Subroutine1
                                                   crcCalc
                                                   dl2rc
    -------------------------------------------------------------------------
<CSTART,NEAR_CODE,RCODE> 1 (was NEAR_CODE)
  Relative segment, address: CODE 00000358 - 00000393 (0x3c bytes), align: 0
  Segment part 54.            Intra module refs:   crcCalc
           LOCAL                   ADDRESS         
           =====                   =======         
           runPoly                 00000358 
               XSTACK = 0000001C ( 00000000 )
               ISTACK = 00000000 ( 00000002 )
    -------------------------------------------------------------------------
<CSTART,NEAR_CODE,RCODE> 1 (was NEAR_CODE)
  Relative segment, address: CODE 00000394 - 00000403 (0x70 bytes), align: 0
  Segment part 55.            Intra module refs:   Segment part 53
           ENTRY                   ADDRESS         REF BY
           =====                   =======         ======
           HalOADRead              00000394 
               calls direct
               XSTACK = 00000023 ( 00000013 )
    -------------------------------------------------------------------------
<CSTART,NEAR_CODE,RCODE> 1 (was NEAR_CODE)
  Relative segment, address: CODE 00000404 - 0000040C (0x9 bytes), align: 0
  Segment part 56.            Intra module refs:   HalSPIRead
           LOCAL                   ADDRESS         
           =====                   =======         
           xnvSPIWrite             00000404 
               XSTACK = 00000013 ( 00000000 )
    -------------------------------------------------------------------------
<CSTART,NEAR_CODE,RCODE> 1 (was NEAR_CODE)
  Relative segment, address: CODE 0000040D - 000004A3 (0x97 bytes), align: 0
  Segment part 57.            Intra module refs:   HalOADRead
           LOCAL                   ADDRESS         
           =====                   =======         
           HalSPIRead              0000040D 
               calls direct
               XSTACK = 00000013 ( 00000013 )
               ISTACK = 00000000 ( 00000001 )
    -------------------------------------------------------------------------
<CSTART,NEAR_CODE,RCODE> 1 (was NEAR_CODE)
  Relative segment, address: CODE 000004A4 - 000005B3 (0x110 bytes), align: 0
  Segment part 58.
           ENTRY                   ADDRESS         REF BY
           =====                   =======         ======
           main                    000004A4        ?call_main (?cmain)
               calls direct
               XSTACK = 00000000 ( 00000006 )
    -------------------------------------------------------------------------
XDATA_I
  Relative segment, address: XDATA 00000109 - 0000010C (0x4 bytes), align: 0
  Segment part 29.            Intra module refs:   crcCalc
                                                   dl2rc
           ENTRY                   ADDRESS         REF BY
           =====                   =======         ======
           __Constant_8c           00000109 
    -------------------------------------------------------------------------
XDATA_ID
  Relative segment, address: CODE 0000008E - 00000091 (0x4 bytes), align: 0
  Segment part 30.            Intra module refs:   __Constant_8c
    -------------------------------------------------------------------------
XDATA_I
  Relative segment, address: XDATA 0000010D - 00000110 (0x4 bytes), align: 0
  Segment part 31.            Intra module refs:   crcCalc
                                                   dl2rc
           ENTRY                   ADDRESS         REF BY
           =====                   =======         ======
           __Constant_0            0000010D 
    -------------------------------------------------------------------------
XDATA_ID
  Relative segment, address: CODE 00000092 - 00000095 (0x4 bytes), align: 0
  Segment part 32.            Intra module refs:   __Constant_0
    -------------------------------------------------------------------------
XDATA_I
  Relative segment, address: XDATA 00000111 - 00000114 (0x4 bytes), align: 0
  Segment part 33.            Intra module refs:   dl2rc
           ENTRY                   ADDRESS         REF BY
           =====                   =======         ======
           __Constant_4            00000111 
    -------------------------------------------------------------------------
XDATA_ID
  Relative segment, address: CODE 00000096 - 00000099 (0x4 bytes), align: 0
  Segment part 34.            Intra module refs:   __Constant_4
    -------------------------------------------------------------------------
XDATA_I
  Relative segment, address: XDATA 00000115 - 00000118 (0x4 bytes), align: 0
  Segment part 35.            Intra module refs:   crcCalc
           ENTRY                   ADDRESS         REF BY
           =====                   =======         ======
           __Constant_3c001        00000115 
    -------------------------------------------------------------------------
XDATA_ID
  Relative segment, address: CODE 0000009A - 0000009D (0x4 bytes), align: 0
  Segment part 36.            Intra module refs:   __Constant_3c001
    -------------------------------------------------------------------------
XDATA_I
  Relative segment, address: XDATA 00000119 - 0000011C (0x4 bytes), align: 0
  Segment part 37.            Intra module refs:   crcCalc
           ENTRY                   ADDRESS         REF BY
           =====                   =======         ======
           __Constant_1            00000119 
    -------------------------------------------------------------------------
XDATA_ID
  Relative segment, address: CODE 0000009E - 000000A1 (0x4 bytes), align: 0
  Segment part 38.            Intra module refs:   __Constant_1
    -------------------------------------------------------------------------
XDATA_I
  Relative segment, address: XDATA 0000011D - 00000120 (0x4 bytes), align: 0
  Segment part 39.            Intra module refs:   crcCalc
           ENTRY                   ADDRESS         REF BY
           =====                   =======         ======
           __Constant_88           0000011D 
    -------------------------------------------------------------------------
XDATA_ID
  Relative segment, address: CODE 000000A2 - 000000A5 (0x4 bytes), align: 0
  Segment part 40.            Intra module refs:   __Constant_88
    -------------------------------------------------------------------------
XDATA_I
  Relative segment, address: XDATA 00000121 - 00000124 (0x4 bytes), align: 0
  Segment part 41.            Intra module refs:   crcCalc
           ENTRY                   ADDRESS         REF BY
           =====                   =======         ======
           __Constant_8b           00000121 
    -------------------------------------------------------------------------
XDATA_ID
  Relative segment, address: CODE 000000A6 - 000000A9 (0x4 bytes), align: 0
  Segment part 42.            Intra module refs:   __Constant_8b
    -------------------------------------------------------------------------
XDATA_I
  Relative segment, address: XDATA 00000125 - 00000128 (0x4 bytes), align: 0
  Segment part 43.            Intra module refs:   HalOADRead
           ENTRY                   ADDRESS         REF BY
           =====                   =======         ======
           __Constant_800          00000125 
    -------------------------------------------------------------------------
XDATA_ID
  Relative segment, address: CODE 000000AA - 000000AD (0x4 bytes), align: 0
  Segment part 44.            Intra module refs:   __Constant_800

    *************************************************************************

  FILE NAME : D:\Texas Instruments\ZStack-CC2530-2.5.1a\Projects\zstack\Utilities\OAD\CC2530DB\OAD-Boot\Obj\hal_oad.r51
    *************************************************************************

  FILE NAME : D:\Texas Instruments\ZStack-CC2530-2.5.1a\Projects\zstack\Utilities\OAD\CC2530DB\OAD-Boot\Obj\interrupt_stubs.r51
  PROGRAM MODULE, NAME : interrupt_stubs

  SEGMENTS IN THE MODULE
  ======================
INTVEC
  Common segment, address: CODE 00000000 - 0000008D (0x8e bytes), align: 1
  Segment part 0. ROOT.

    *************************************************************************

  FILE NAME : C:\Program Files\IAR Systems\Embedded Workbench 6.0 Evaluation\8051\LIB\CLIB\cl-pli-nlxd-1e16x01.r51
  LIBRARY MODULE, NAME : ?cexit

  SEGMENTS IN THE MODULE
  ======================
<CSTART,NEAR_CODE,RCODE> 1 (was CSTART)
  Relative segment, address: CODE 000007D1 - 000007D5 (0x5 bytes), align: 0
  Segment part 0.
           ENTRY                   ADDRESS         REF BY
           =====                   =======         ======
           exit                    000007D1        ?call_main (?cmain)
           ?C_EXIT                 000007D1 
           ?ROM_MONITOR_NOPS       000007D1 

    -------------------------------------------------------------------------
  LIBRARY MODULE, NAME : ?cmain

  SEGMENTS IN THE MODULE
  ======================
<CSTART,NEAR_CODE,RCODE> 1 (was CSTART)
  Relative segment, address: CODE 0000061A, align: 0
  Segment part 0.
           ENTRY                   ADDRESS         REF BY
           =====                   =======         ======
           ?cmain                  0000061A        __call_main (CSTARTUP)
    -------------------------------------------------------------------------
<CSTART,NEAR_CODE,RCODE> 1 (was CSTART)
  Relative segment, address: CODE 0000061A - 00000622 (0x9 bytes), align: 0
  Segment part 1.
           ENTRY                   ADDRESS         REF BY
           =====                   =======         ======
           __low_level_init_call   0000061A        __low_level_init (?low_level_init)
    -------------------------------------------------------------------------
<CSTART,NEAR_CODE,RCODE> 1 (was CSTART)
  Relative segment, address: CODE 00000623 - 00000632 (0x10 bytes), align: 0
  Segment part 11.
           ENTRY                   ADDRESS         REF BY
           =====                   =======         ======
           __INIT_XDATA_Z          00000623        dmaCh0 (hal_flash)
    -------------------------------------------------------------------------
<CSTART,NEAR_CODE,RCODE> 1 (was CSTART)
  Relative segment, address: CODE 00000633 - 0000065B (0x29 bytes), align: 0
  Segment part 28.
           ENTRY                   ADDRESS         REF BY
           =====                   =======         ======
           __INIT_XDATA_I          00000633        __Constant_0 (hal_flash)
                                                   __Constant_1 (hal_flash)
                                                   __Constant_3c001 (hal_flash)
                                                   __Constant_4 (hal_flash)
                                                   __Constant_800 (hal_flash)
                                                   __Constant_88 (hal_flash)
                                                   __Constant_8b (hal_flash)
                                                   __Constant_8c (hal_flash)
    -------------------------------------------------------------------------
<CSTART,NEAR_CODE,RCODE> 1 (was CSTART)
  Relative segment, address: CODE 0000065C, align: 0
  Segment part 32.            Intra module refs:   __low_level_init_call
    -------------------------------------------------------------------------
<CSTART,NEAR_CODE,RCODE> 1 (was CSTART)
  Relative segment, address: CODE 0000065C - 00000661 (0x6 bytes), align: 0
  Segment part 33.            Intra module refs:   ?cmain
           ENTRY                   ADDRESS         REF BY
           =====                   =======         ======
           ?call_main              0000065C 

    -------------------------------------------------------------------------
  LIBRARY MODULE, NAME : ?L_EQ_X

  SEGMENTS IN THE MODULE
  ======================
<CSTART,NEAR_CODE,RCODE> 1 (was RCODE)
  Relative segment, address: CODE 00000725 - 00000739 (0x15 bytes), align: 0
  Segment part 1.
           ENTRY                   ADDRESS         REF BY
           =====                   =======         ======
           ?L_EQ_X                 00000725        crcCalc (hal_flash)

    -------------------------------------------------------------------------
  LIBRARY MODULE, NAME : ?UL_GT_X

  SEGMENTS IN THE MODULE
  ======================
<CSTART,NEAR_CODE,RCODE> 1 (was RCODE)
  Relative segment, address: CODE 00000771 - 00000780 (0x10 bytes), align: 0
  Segment part 1.
           ENTRY                   ADDRESS         REF BY
           =====                   =======         ======
           ?UL_GT_X                00000771        crcCalc (hal_flash)

    -------------------------------------------------------------------------
  LIBRARY MODULE, NAME : ?UL_GE_X

  SEGMENTS IN THE MODULE
  ======================
<CSTART,NEAR_CODE,RCODE> 1 (was RCODE)
  Relative segment, address: CODE 000006A2 - 000006C0 (0x1f bytes), align: 0
  Segment part 1.
           ENTRY                   ADDRESS         REF BY
           =====                   =======         ======
           ?UL_GE_X                000006A2        crcCalc (hal_flash)
                                                   dl2rc (hal_flash)

    -------------------------------------------------------------------------
  LIBRARY MODULE, NAME : ?UL_SHR

  SEGMENTS IN THE MODULE
  ======================
<CSTART,NEAR_CODE,RCODE> 1 (was RCODE)
  Relative segment, address: CODE 000006F6 - 000006FA (0x5 bytes), align: 0
  Segment part 1.             Intra module refs:   Segment part 2
           ENTRY                   ADDRESS         REF BY
           =====                   =======         ======
           ?UL_SHR                 000006F6        HalOADRead (hal_flash)
                                                   HalSPIRead (hal_flash)
    -------------------------------------------------------------------------
<CSTART,NEAR_CODE,RCODE> 1 (was RCODE)
  Relative segment, address: CODE 000006FB - 0000070E (0x14 bytes), align: 0
  Segment part 2.             Intra module refs:   ?UL_SHR

    -------------------------------------------------------------------------
  LIBRARY MODULE, NAME : ?L_ADD_X

  SEGMENTS IN THE MODULE
  ======================
<CSTART,NEAR_CODE,RCODE> 1 (was RCODE)
  Relative segment, address: CODE 0000074D - 0000075F (0x13 bytes), align: 0
  Segment part 1.
           ENTRY                   ADDRESS         REF BY
           =====                   =======         ======
           ?L_ADD_X                0000074D        HalOADRead (hal_flash)
                                                   crcCalc (hal_flash)
                                                   dl2rc (hal_flash)

    -------------------------------------------------------------------------
  LIBRARY MODULE, NAME : ?L_MOV_X

  SEGMENTS IN THE MODULE
  ======================
<CSTART,NEAR_CODE,RCODE> 1 (was RCODE)
  Relative segment, address: CODE 00000781 - 0000078F (0xf bytes), align: 0
  Segment part 0.
           ENTRY                   ADDRESS         REF BY
           =====                   =======         ======
           ?L_MOV_X                00000781        crcCalc (hal_flash)
                                                   dl2rc (hal_flash)

    -------------------------------------------------------------------------
  LIBRARY MODULE, NAME : ?XLOAD_R2345

  SEGMENTS IN THE MODULE
  ======================
<CSTART,NEAR_CODE,RCODE> 1 (was RCODE)
  Relative segment, address: CODE 000007BB - 000007C6 (0xc bytes), align: 0
  Segment part 0.
           ENTRY                   ADDRESS         REF BY
           =====                   =======         ======
           ?XLOAD_R2345            000007BB        crcCalc (hal_flash)
                                                   dl2rc (hal_flash)

    -------------------------------------------------------------------------
  LIBRARY MODULE, NAME : ?MOVE_LONG8_XDATA_IDATA

  SEGMENTS IN THE MODULE
  ======================
<CSTART,NEAR_CODE,RCODE> 1 (was RCODE)
  Relative segment, address: CODE 000007AE - 000007BA (0xd bytes), align: 0
  Segment part 0.
           ENTRY                   ADDRESS         REF BY
           =====                   =======         ======
           ?MOVE_LONG8_XDATA_IDATA
                                   000007AE        ?PUSH_XSTACK_I (?PUSH_XSTACK_I)

    -------------------------------------------------------------------------
  LIBRARY MODULE, NAME : ?US_SHR

  SEGMENTS IN THE MODULE
  ======================
<CSTART,NEAR_CODE,RCODE> 1 (was RCODE)
  Relative segment, address: CODE 0000079F - 000007A1 (0x3 bytes), align: 0
  Segment part 1.             Intra module refs:   Segment part 2
           ENTRY                   ADDRESS         REF BY
           =====                   =======         ======
           ?US_SHR                 0000079F        HalFlashWrite (hal_flash)
                                                   dl2rc (hal_flash)
                                                   runPoly (hal_flash)
    -------------------------------------------------------------------------
<CSTART,NEAR_CODE,RCODE> 1 (was RCODE)
  Relative segment, address: CODE 000007A2 - 000007AD (0xc bytes), align: 0
  Segment part 2.             Intra module refs:   ?US_SHR

    -------------------------------------------------------------------------
  LIBRARY MODULE, NAME : ?S_SHL

  SEGMENTS IN THE MODULE
  ======================
<CSTART,NEAR_CODE,RCODE> 1 (was RCODE)
  Relative segment, address: CODE 0000073A - 0000073C (0x3 bytes), align: 0
  Segment part 0.
           ENTRY                   ADDRESS         REF BY
           =====                   =======         ======
           ?S_SHL                  0000073A        HalFlashRead (hal_flash)
    -------------------------------------------------------------------------
<CSTART,NEAR_CODE,RCODE> 1 (was RCODE)
  Relative segment, address: CODE 0000073D - 0000073F (0x3 bytes), align: 0
  Segment part 1.             Intra module refs:   Segment part 2
           ENTRY                   ADDRESS         REF BY
           =====                   =======         ======
           ?S_SHL_REW              0000073D 
    -------------------------------------------------------------------------
<CSTART,NEAR_CODE,RCODE> 1 (was RCODE)
  Relative segment, address: CODE 00000740 - 0000074C (0xd bytes), align: 0
  Segment part 2.             Intra module refs:   ?S_SHL
                                                   ?S_SHL_REW

    -------------------------------------------------------------------------
  LIBRARY MODULE, NAME : ?ALLOC_XSTACK8

  SEGMENTS IN THE MODULE
  ======================
<CSTART,NEAR_CODE,RCODE> 1 (was RCODE)
  Relative segment, address: CODE 0000070F - 00000724 (0x16 bytes), align: 0
  Segment part 0.
           ENTRY                   ADDRESS         REF BY
           =====                   =======         ======
           ?ALLOC_XSTACK8          0000070F        crcCalc (hal_flash)
                                                   dl2rc (hal_flash)
                                                   main (hal_flash)

    -------------------------------------------------------------------------
  LIBRARY MODULE, NAME : ?DEALLOC_XSTACK8

  SEGMENTS IN THE MODULE
  ======================
<CSTART,NEAR_CODE,RCODE> 1 (was RCODE)
  Relative segment, address: CODE 000006DC - 000006F5 (0x1a bytes), align: 0
  Segment part 0.
           ENTRY                   ADDRESS         REF BY
           =====                   =======         ======
           ?DEALLOC_XSTACK8        000006DC        ?Subroutine0 (hal_flash)
                                                   HalOADRead (hal_flash)
                                                   crcCalc (hal_flash)
                                                   dl2rc (hal_flash)
                                                   main (hal_flash)

    -------------------------------------------------------------------------
  LIBRARY MODULE, NAME : ?ADD_XSTACK_DISP8

  SEGMENTS IN THE MODULE
  ======================
<CSTART,NEAR_CODE,RCODE> 1 (was RCODE)
  Relative segment, address: CODE 000006C1 - 000006DB (0x1b bytes), align: 0
  Segment part 1.
           ENTRY                   ADDRESS         REF BY
           =====                   =======         ======
           ?ADD_XSTACK_DISP0_8     000006C1        ?PUSH_XSTACK_I (?PUSH_XSTACK_I)

    -------------------------------------------------------------------------
  LIBRARY MODULE, NAME : ?XSTACK_DISP8

  SEGMENTS IN THE MODULE
  ======================
<CSTART,NEAR_CODE,RCODE> 1 (was RCODE)
  Relative segment, address: CODE 000007C7 - 000007D0 (0xa bytes), align: 0
  Segment part 1.
           ENTRY                   ADDRESS         REF BY
           =====                   =======         ======
           ?XSTACK_DISP0_8         000007C7        HalFlashRead (hal_flash)
                                                   HalFlashWrite (hal_flash)
                                                   HalOADRead (hal_flash)
                                                   HalSPIRead (hal_flash)
                                                   crcCalc (hal_flash)
                                                   dl2rc (hal_flash)
                                                   main (hal_flash)

    -------------------------------------------------------------------------
  LIBRARY MODULE, NAME : ?FUNC_ENTER_XDATA

  SEGMENTS IN THE MODULE
  ======================
<CSTART,NEAR_CODE,RCODE> 1 (was RCODE)
  Relative segment, address: CODE 000005B4 - 00000619 (0x66 bytes), align: 0
  Segment part 1.
           ENTRY                   ADDRESS         REF BY
           =====                   =======         ======
           ?FUNC_ENTER_XDATA       000005B4        HalFlashRead (hal_flash)
                                                   HalFlashWrite (hal_flash)
                                                   HalOADRead (hal_flash)
                                                   HalSPIRead (hal_flash)
                                                   crcCalc (hal_flash)
                                                   dl2rc (hal_flash)

    -------------------------------------------------------------------------
  LIBRARY MODULE, NAME : ?FUNC_LEAVE_XDATA

  SEGMENTS IN THE MODULE
  ======================
<CSTART,NEAR_CODE,RCODE> 1 (was RCODE)
  Relative segment, address: CODE 00000662 - 000006A1 (0x40 bytes), align: 0
  Segment part 1.
           ENTRY                   ADDRESS         REF BY
           =====                   =======         ======
           ?FUNC_LEAVE_XDATA       00000662        HalFlashRead (hal_flash)
                                                   HalFlashWrite (hal_flash)
                                                   HalSPIRead (hal_flash)
                                                   Segment part 50 (hal_flash)

    -------------------------------------------------------------------------
  LIBRARY MODULE, NAME : ?PUSH_XSTACK_I

  SEGMENTS IN THE MODULE
  ======================
<CSTART,NEAR_CODE,RCODE> 1 (was RCODE)
  Relative segment, address: CODE 00000760 - 00000763 (0x4 bytes), align: 0
  Segment part 2.
           ENTRY                   ADDRESS         REF BY
           =====                   =======         ======
           ?PUSH_XSTACK_I_TWO      00000760        HalOADRead (hal_flash)
                                                   crcCalc (hal_flash)
                                                   dl2rc (hal_flash)
                                                   main (hal_flash)
    -------------------------------------------------------------------------
<CSTART,NEAR_CODE,RCODE> 1 (was RCODE)
  Relative segment, address: CODE 00000764 - 00000770 (0xd bytes), align: 0
  Segment part 4.             Intra module refs:   ?PUSH_XSTACK_I_TWO
           ENTRY                   ADDRESS         REF BY
           =====                   =======         ======
           ?PUSH_XSTACK_I          00000764 

    -------------------------------------------------------------------------
  LIBRARY MODULE, NAME : ?low_level_init

  SEGMENTS IN THE MODULE
  ======================
<CSTART,NEAR_CODE,RCODE> 1 (was CSTART)
  Relative segment, address: CODE 000007D6 - 000007D8 (0x3 bytes), align: 0
  Segment part 6. ROOT.
           ENTRY                   ADDRESS         REF BY
           =====                   =======         ======
           __low_level_init        000007D6        __low_level_init_call (?cmain)

    *************************************************************************

  DEFINED ABSOLUTE ENTRIES
  PROGRAM MODULE, NAME : ?FILLER_BYTES

  SEGMENTS IN THE MODULE
  ======================
INTVEC
  Common segment, address: CODE 00000000 - 0000008D (0x8e bytes), align: 0
  Segment part 1.
    -------------------------------------------------------------------------
?FILL1
  Relative segment, address: CODE 000007D9 - 000007FF (0x27 bytes), align: 0
  Segment part 0.




                ****************************************
                *                                      *
                *            MODULE SUMMARY            *
                *                                      *
                ****************************************

Module                    CODE      DATA      XDATA  IDATA    BIT
------                    ----      ----      -----  -----    ---
                         (Rel)  (Rel)  (Abs)  (Rel)  (Rel)  (Rel)
?ADD_XSTACK_DISP8           27
?ALLOC_XSTACK8              22
?DEALLOC_XSTACK8            26
?FILLER_BYTES               39
  + common                 142
?FUNC_ENTER_XDATA          102
?FUNC_LEAVE_XDATA           64
?L_ADD_X                    19
?L_EQ_X                     21
?L_MOV_X                    15
?MOVE_LONG8_XDATA_IDATA     13
?PUSH_XSTACK_I              17
?S_SHL                      19
?UL_GE_X                    31
?UL_GT_X                    16
?UL_SHR                     25
?US_SHR                     15
?XLOAD_R2345                12
?XSTACK_DISP8               10
?cexit                       5
?cmain                      72
?low_level_init              3
CSTARTUP                    15
  + common                   3
VIRTUAL_REGISTERS                   2                           8
hal_flash                1 318            22     40
interrupt_stubs
  + common                 142
N/A (command line)                 24           256    192
N/A (alignment)
----------               -----     --     --    ---    ---      -
Total:                   1 906     26     22    296    192      8
  + common                 142


                ****************************************
                *                                      *
                *      SEGMENTS IN ADDRESS ORDER       *
                *                                      *
                ****************************************


SEGMENT              SPACE    START ADDRESS   END ADDRESS     SIZE  TYPE  ALIGN
=======              =====    =============   ===========     ====  ====  =====
INTVEC               CODE          00000000 - 0000008D          8E   com    1
PDATA_ID             CODE               0000008E                     dse    0
IXDATA_ID            CODE               0000008E                     dse    0
IDATA_ID             CODE               0000008E                     dse    0
DATA_ID              CODE               0000008E                     dse    0
BIT_ID               CODE               0000008E                     dse    0
BDATA_ID             CODE               0000008E                     dse    0
XDATA_ID             CODE          0000008E - 000000AD          20   rel    0
<CSTART,NEAR_CODE,RCODE> 1
                     CODE          000000AE - 000007D8         72B   rel    0
?FILL1               CODE          000007D9 - 000007FF          27   rel    0
REGISTERS            DATA          00000000 - 00000007           8   rel    0
VREG                 DATA          00000008 - 00000017          10   rel    0
PSP                  DATA               00000018                     dse    0
XSP                  DATA          00000018 - 00000019           2   rel    0
BREG                 BIT        00000020.0  -  00000020.7        8   rel    0
SFR_AN               DATA          0000008F - 00000090           2   rel    0
                     DATA          0000009D - 0000009E           2 
                     DATA          000000B4 - 000000B4           1 
                     DATA          000000B6 - 000000B6           1 
                     DATA          000000BB - 000000BB           1 
                     DATA          000000BE - 000000BE           1 
                     DATA          000000C6 - 000000C7           2 
                     DATA          000000D1 - 000000D1           1 
                     DATA          000000D4 - 000000D6           3 
                     DATA          000000F1 - 000000F1           1 
                     DATA          000000F4 - 000000F5           2 
                     DATA          000000F8 - 000000FA           3 
                     DATA          000000FC - 000000FC           1 
                     DATA          000000FE - 000000FE           1 
XSTACK               XDATA         00000001 - 00000100         100   rel    0
XDATA_Z              XDATA         00000101 - 00000108           8   rel    0
XDATA_I              XDATA         00000109 - 00000128          20   rel    0
ISTACK               IDATA         00000040 - 000000FF          C0   rel    0

                ****************************************
                *                                      *
                *        END OF CROSS REFERENCE        *
                *                                      *
                ****************************************

 2 009 bytes of CODE  memory (+             39 range fill )
    26 bytes of DATA  memory (+ 22 absolute )
   296 bytes of XDATA memory
   192 bytes of IDATA memory
     8 bits  of BIT   memory

Errors: none
Warnings: none

